[      74ms] [INFO] %cDownload the React DevTools for a better development experience: https://react.dev/link/react-devtools font-weight:bold @ http://localhost:3000/_next/static/chunks/01vs_next_dist_0z7rf41._.js:2477
[      88ms] [LOG] [HMR] connected @ http://localhost:3000/_next/static/chunks/01vs_next_dist_0z7rf41._.js:2477
[11803145ms] [LOG] [Fast Refresh] rebuilding @ http://localhost:3000/_next/static/chunks/01vs_next_dist_0z7rf41._.js:2477
[11803150ms] [LOG] [Fast Refresh] done in 105ms @ http://localhost:3000/_next/static/chunks/01vs_next_dist_0z7rf41._.js:2477
[12237520ms] [LOG] [Fast Refresh] rebuilding @ http://localhost:3000/_next/static/chunks/01vs_next_dist_0z7rf41._.js:2477
[12237525ms] [LOG] [Fast Refresh] done in 106ms @ http://localhost:3000/_next/static/chunks/01vs_next_dist_0z7rf41._.js:2477
[12640538ms] [LOG] [Fast Refresh] rebuilding @ http://localhost:3000/_next/static/chunks/01vs_next_dist_0z7rf41._.js:2477
[12640867ms] [ERROR] Failed to load resource: the server responded with a status of 404 (Not Found) @ http://localhost:3000/__nextjs_font/geist-latin.woff2:0
[12642583ms] [ERROR] WebSocket connection to 'ws://localhost:3000/_next/webpack-hmr?id=Ow4E0MozwupdIHw06NNmc' failed: Error in connection establishment: net::ERR_CONNECTION_REFUSED @ http://localhost:3000/_next/static/chunks/01vs_next_dist_client_10-2.sc._.js:13330
[12643586ms] [ERROR] WebSocket connection to 'ws://localhost:3000/_next/webpack-hmr?id=Ow4E0MozwupdIHw06NNmc' failed: Error in connection establishment: net::ERR_CONNECTION_REFUSED @ http://localhost:3000/_next/static/chunks/01vs_next_dist_client_10-2.sc._.js:13330
[12644589ms] [ERROR] WebSocket connection to 'ws://localhost:3000/_next/webpack-hmr?id=Ow4E0MozwupdIHw06NNmc' failed: Error in connection establishment: net::ERR_CONNECTION_REFUSED @ http://localhost:3000/_next/static/chunks/01vs_next_dist_client_10-2.sc._.js:13330
[12645591ms] [ERROR] WebSocket connection to 'ws://localhost:3000/_next/webpack-hmr?id=Ow4E0MozwupdIHw06NNmc' failed: Error in connection establishment: net::ERR_CONNECTION_REFUSED @ http://localhost:3000/_next/static/chunks/01vs_next_dist_client_10-2.sc._.js:13330
[12646594ms] [ERROR] WebSocket connection to 'ws://localhost:3000/_next/webpack-hmr?id=Ow4E0MozwupdIHw06NNmc' failed: Error in connection establishment: net::ERR_CONNECTION_REFUSED @ http://localhost:3000/_next/static/chunks/01vs_next_dist_client_10-2.sc._.js:13330
[12651599ms] [ERROR] WebSocket connection to 'ws://localhost:3000/_next/webpack-hmr?id=Ow4E0MozwupdIHw06NNmc' failed: Error in connection establishment: net::ERR_CONNECTION_REFUSED @ http://localhost:3000/_next/static/chunks/01vs_next_dist_client_10-2.sc._.js:13330
[12656609ms] [ERROR] WebSocket connection to 'ws://localhost:3000/_next/webpack-hmr?id=Ow4E0MozwupdIHw06NNmc' failed: Error in connection establishment: net::ERR_CONNECTION_REFUSED @ http://localhost:3000/_next/static/chunks/01vs_next_dist_client_10-2.sc._.js:13330
[12661623ms] [ERROR] WebSocket connection to 'ws://localhost:3000/_next/webpack-hmr?id=Ow4E0MozwupdIHw06NNmc' failed: Error in connection establishment: net::ERR_CONNECTION_REFUSED @ http://localhost:3000/_next/static/chunks/01vs_next_dist_client_10-2.sc._.js:13330
[12666653ms] [ERROR] WebSocket connection to 'ws://localhost:3000/_next/webpack-hmr?id=Ow4E0MozwupdIHw06NNmc' failed: Error in connection establishment: net::ERR_CONNECTION_REFUSED @ http://localhost:3000/_next/static/chunks/01vs_next_dist_client_10-2.sc._.js:13330
[12671684ms] [ERROR] WebSocket connection to 'ws://localhost:3000/_next/webpack-hmr?id=Ow4E0MozwupdIHw06NNmc' failed: Error in connection establishment: net::ERR_CONNECTION_REFUSED @ http://localhost:3000/_next/static/chunks/01vs_next_dist_client_10-2.sc._.js:13330
[12676832ms] [ERROR] WebSocket connection to 'ws://localhost:3000/_next/webpack-hmr?id=Ow4E0MozwupdIHw06NNmc' failed: Error in connection establishment: net::ERR_CONNECTION_REFUSED @ http://localhost:3000/_next/static/chunks/01vs_next_dist_client_10-2.sc._.js:13330
[12682101ms] [ERROR] WebSocket connection to 'ws://localhost:3000/_next/webpack-hmr?id=Ow4E0MozwupdIHw06NNmc' failed: Error in connection establishment: net::ERR_CONNECTION_REFUSED @ http://localhost:3000/_next/static/chunks/01vs_next_dist_client_10-2.sc._.js:13330
